42
42
126
0
90
1
0
-6
false
true
false
true
false
true
false
