[SUCCESS] success 1
[SUCCESS] success 2
[SUCCESS] success 3
[SUCCESS] success 4
[SUCCESS] success 5
[SUCCESS] success 6
[SUCCESS] success 7
[SUCCESS] success 8
[SUCCESS] success 9
[SUCCESS] success 10
[SUCCESS] success 11
[SUCCESS] success 12
[SUCCESS] success 13
done
