     Hello darlings!
 
QUIZ: As a float, nine is: 9.000000
1
